../Core/Src/main.c:71:5:main	8	static
../Core/Src/main.c:122:6:SystemClock_Config	120	static
../Core/Src/main.c:168:13:MX_USART1_UART_Init	8	static
../Core/Src/main.c:203:13:MX_USART2_UART_Init	8	static
../Core/Src/main.c:238:13:MX_GPIO_Init	48	static
../Core/Src/main.c:267:6:HAL_UART_RxCpltCallback	16	static
../Core/Src/main.c:278:6:ClearBuffer	8	static
../Core/Src/main.c:288:6:SendCommand	112	static
../Core/Src/main.c:301:6:GetSatInfo	120	static
../Core/Src/main.c:320:6:Error_Handler	4	static,ignoring_inline_asm
